// Jest Snapshot v1, https://goo.gl/fbAQLP

exports[`merging styles with defaultStyles should merge custom activeDotStyle with defaults 1`] = `
<View
  onLayout={[Function]}
  style={
    [
      {
        "position": "relative",
      },
      {
        "maxHeight": undefined,
        "maxWidth": undefined,
      },
      {
        "flex": 1,
      },
      undefined,
    ]
  }
>
  <View
    style={
      {
        "height": undefined,
        "width": undefined,
      }
    }
  >
    <ScrollView
      automaticallyAdjustContentInsets={false}
      bounces={false}
      horizontal={true}
      onMomentumScrollEnd={[Function]}
      onScroll={[Function]}
      onScrollBeginDrag={[Function]}
      onScrollEndDrag={[Function]}
      pagingEnabled={true}
      removeClippedSubviews={true}
      scrollEnabled={true}
      scrollEventThrottle={16}
      scrollsToTop={false}
      showsHorizontalScrollIndicator={false}
      showsVerticalScrollIndicator={false}
    >
      <View
        accessible={true}
        key="00"
        style={
          {
            "height": 1334,
            "width": 750,
          }
        }
      >
        <View
          key=".0"
        >
          <Text>
            1
          </Text>
        </View>
      </View>
      <View
        accessible={true}
        key="11"
        style={
          {
            "height": 1334,
            "width": 750,
          }
        }
      >
        <View
          key=".1"
        >
          <Text>
            2
          </Text>
        </View>
      </View>
    </ScrollView>
    <View
      style={
        {
          "alignItems": "center",
          "bottom": 25,
          "display": "flex",
          "flexDirection": "row",
          "justifyContent": "center",
          "left": 0,
          "position": "absolute",
          "right": 0,
        }
      }
    >
      <View
        key="0/.0"
        style={
          {
            "backgroundColor": "blue",
            "borderRadius": 4,
            "height": 8,
            "marginBottom": 3,
            "marginLeft": 3,
            "marginRight": 3,
            "marginTop": 3,
            "width": 8,
          }
        }
      />
      <View
        key="1/.1"
        style={
          {
            "backgroundColor": "rgba(0,0,0,.2)",
            "borderRadius": 4,
            "height": 8,
            "marginBottom": 3,
            "marginLeft": 3,
            "marginRight": 3,
            "marginTop": 3,
            "width": 8,
          }
        }
      />
    </View>
    <View
      pointerEvents="box-none"
      style={
        [
          {
            "alignItems": "center",
            "backgroundColor": "transparent",
            "flex": 1,
            "flexDirection": "row",
            "justifyContent": "space-between",
            "left": 0,
            "paddingHorizontal": 10,
            "paddingVertical": 10,
            "position": "absolute",
            "top": 0,
          },
          {
            "height": 1334,
            "width": 750,
          },
        ]
      }
    >
      <View />
      <TouchableOpacity
        accessibilityLabel="Next"
        accessibilityRole="button"
        accessible={true}
        onPress={[Function]}
        testID="PinarNextButton"
      >
        <Text
          accessibilityLabel="Next"
          accessible={true}
          style={
            {
              "color": "#333",
              "fontSize": 50,
              "padding": 20,
            }
          }
        >
          ›
        </Text>
      </TouchableOpacity>
    </View>
  </View>
</View>
`;

exports[`merging styles with defaultStyles should merge custom controlsContainerStyle with defaults 1`] = `
<View
  onLayout={[Function]}
  style={
    [
      {
        "position": "relative",
      },
      {
        "maxHeight": undefined,
        "maxWidth": undefined,
      },
      {
        "flex": 1,
      },
      undefined,
    ]
  }
>
  <View
    style={
      {
        "height": undefined,
        "width": undefined,
      }
    }
  >
    <ScrollView
      automaticallyAdjustContentInsets={false}
      bounces={false}
      horizontal={true}
      onMomentumScrollEnd={[Function]}
      onScroll={[Function]}
      onScrollBeginDrag={[Function]}
      onScrollEndDrag={[Function]}
      pagingEnabled={true}
      removeClippedSubviews={true}
      scrollEnabled={true}
      scrollEventThrottle={16}
      scrollsToTop={false}
      showsHorizontalScrollIndicator={false}
      showsVerticalScrollIndicator={false}
    >
      <View
        accessible={true}
        key="00"
        style={
          {
            "height": 1334,
            "width": 750,
          }
        }
      >
        <View
          key=".0"
        >
          <Text>
            1
          </Text>
        </View>
      </View>
      <View
        accessible={true}
        key="11"
        style={
          {
            "height": 1334,
            "width": 750,
          }
        }
      >
        <View
          key=".1"
        >
          <Text>
            2
          </Text>
        </View>
      </View>
    </ScrollView>
    <View
      style={
        {
          "alignItems": "center",
          "bottom": 25,
          "display": "flex",
          "flexDirection": "row",
          "justifyContent": "center",
          "left": 0,
          "position": "absolute",
          "right": 0,
        }
      }
    >
      <View
        key="0/.0"
        style={
          {
            "backgroundColor": "#333",
            "borderRadius": 4,
            "height": 8,
            "marginBottom": 3,
            "marginLeft": 3,
            "marginRight": 3,
            "marginTop": 3,
            "width": 8,
          }
        }
      />
      <View
        key="1/.1"
        style={
          {
            "backgroundColor": "rgba(0,0,0,.2)",
            "borderRadius": 4,
            "height": 8,
            "marginBottom": 3,
            "marginLeft": 3,
            "marginRight": 3,
            "marginTop": 3,
            "width": 8,
          }
        }
      />
    </View>
    <View
      pointerEvents="box-none"
      style={
        {
          "alignItems": "center",
          "backgroundColor": "blue",
          "flex": 1,
          "flexDirection": "row",
          "justifyContent": "space-between",
          "left": 0,
          "paddingHorizontal": 10,
          "paddingVertical": 10,
          "position": "absolute",
          "top": 0,
        }
      }
    >
      <View />
      <TouchableOpacity
        accessibilityLabel="Next"
        accessibilityRole="button"
        accessible={true}
        onPress={[Function]}
        testID="PinarNextButton"
      >
        <Text
          accessibilityLabel="Next"
          accessible={true}
          style={
            {
              "color": "#333",
              "fontSize": 50,
              "padding": 20,
            }
          }
        >
          ›
        </Text>
      </TouchableOpacity>
    </View>
  </View>
</View>
`;

exports[`merging styles with defaultStyles should merge custom controlsTextStyle with defaults 1`] = `
<View
  onLayout={[Function]}
  style={
    [
      {
        "position": "relative",
      },
      {
        "maxHeight": undefined,
        "maxWidth": undefined,
      },
      {
        "flex": 1,
      },
      undefined,
    ]
  }
>
  <View
    style={
      {
        "height": undefined,
        "width": undefined,
      }
    }
  >
    <ScrollView
      automaticallyAdjustContentInsets={false}
      bounces={false}
      horizontal={true}
      onMomentumScrollEnd={[Function]}
      onScroll={[Function]}
      onScrollBeginDrag={[Function]}
      onScrollEndDrag={[Function]}
      pagingEnabled={true}
      removeClippedSubviews={true}
      scrollEnabled={true}
      scrollEventThrottle={16}
      scrollsToTop={false}
      showsHorizontalScrollIndicator={false}
      showsVerticalScrollIndicator={false}
    >
      <View
        accessible={true}
        key="00"
        style={
          {
            "height": 1334,
            "width": 750,
          }
        }
      >
        <View
          key=".0"
        >
          <Text>
            1
          </Text>
        </View>
      </View>
      <View
        accessible={true}
        key="11"
        style={
          {
            "height": 1334,
            "width": 750,
          }
        }
      >
        <View
          key=".1"
        >
          <Text>
            2
          </Text>
        </View>
      </View>
      <View
        accessible={true}
        key="22"
        style={
          {
            "height": 1334,
            "width": 750,
          }
        }
      >
        <View
          key=".2"
        >
          <Text>
            3
          </Text>
        </View>
      </View>
    </ScrollView>
    <View
      style={
        {
          "alignItems": "center",
          "bottom": 25,
          "display": "flex",
          "flexDirection": "row",
          "justifyContent": "center",
          "left": 0,
          "position": "absolute",
          "right": 0,
        }
      }
    >
      <View
        key="0/.0"
        style={
          {
            "backgroundColor": "rgba(0,0,0,.2)",
            "borderRadius": 4,
            "height": 8,
            "marginBottom": 3,
            "marginLeft": 3,
            "marginRight": 3,
            "marginTop": 3,
            "width": 8,
          }
        }
      />
      <View
        key="1/.1"
        style={
          {
            "backgroundColor": "#333",
            "borderRadius": 4,
            "height": 8,
            "marginBottom": 3,
            "marginLeft": 3,
            "marginRight": 3,
            "marginTop": 3,
            "width": 8,
          }
        }
      />
      <View
        key="2/.2"
        style={
          {
            "backgroundColor": "rgba(0,0,0,.2)",
            "borderRadius": 4,
            "height": 8,
            "marginBottom": 3,
            "marginLeft": 3,
            "marginRight": 3,
            "marginTop": 3,
            "width": 8,
          }
        }
      />
    </View>
    <View
      pointerEvents="box-none"
      style={
        [
          {
            "alignItems": "center",
            "backgroundColor": "transparent",
            "flex": 1,
            "flexDirection": "row",
            "justifyContent": "space-between",
            "left": 0,
            "paddingHorizontal": 10,
            "paddingVertical": 10,
            "position": "absolute",
            "top": 0,
          },
          {
            "height": 1334,
            "width": 750,
          },
        ]
      }
    >
      <TouchableOpacity
        accessibilityLabel="Previous"
        accessibilityRole="button"
        accessible={true}
        onPress={[Function]}
        testID="PinarPrevButton"
      >
        <Text
          accessibilityLabel="Previous"
          accessible={true}
          style={
            {
              "color": "blue",
              "fontSize": 50,
              "padding": 20,
            }
          }
        >
          ‹
        </Text>
      </TouchableOpacity>
      <TouchableOpacity
        accessibilityLabel="Next"
        accessibilityRole="button"
        accessible={true}
        onPress={[Function]}
        testID="PinarNextButton"
      >
        <Text
          accessibilityLabel="Next"
          accessible={true}
          style={
            {
              "color": "blue",
              "fontSize": 50,
              "padding": 20,
            }
          }
        >
          ›
        </Text>
      </TouchableOpacity>
    </View>
  </View>
</View>
`;

exports[`merging styles with defaultStyles should merge custom dotStyle with defaults 1`] = `
<View
  onLayout={[Function]}
  style={
    [
      {
        "position": "relative",
      },
      {
        "maxHeight": undefined,
        "maxWidth": undefined,
      },
      {
        "flex": 1,
      },
      undefined,
    ]
  }
>
  <View
    style={
      {
        "height": undefined,
        "width": undefined,
      }
    }
  >
    <ScrollView
      automaticallyAdjustContentInsets={false}
      bounces={false}
      horizontal={true}
      onMomentumScrollEnd={[Function]}
      onScroll={[Function]}
      onScrollBeginDrag={[Function]}
      onScrollEndDrag={[Function]}
      pagingEnabled={true}
      removeClippedSubviews={true}
      scrollEnabled={true}
      scrollEventThrottle={16}
      scrollsToTop={false}
      showsHorizontalScrollIndicator={false}
      showsVerticalScrollIndicator={false}
    >
      <View
        accessible={true}
        key="00"
        style={
          {
            "height": 1334,
            "width": 750,
          }
        }
      >
        <View
          key=".0"
        >
          <Text>
            1
          </Text>
        </View>
      </View>
      <View
        accessible={true}
        key="11"
        style={
          {
            "height": 1334,
            "width": 750,
          }
        }
      >
        <View
          key=".1"
        >
          <Text>
            2
          </Text>
        </View>
      </View>
    </ScrollView>
    <View
      style={
        {
          "alignItems": "center",
          "bottom": 25,
          "display": "flex",
          "flexDirection": "row",
          "justifyContent": "center",
          "left": 0,
          "position": "absolute",
          "right": 0,
        }
      }
    >
      <View
        key="0/.0"
        style={
          {
            "backgroundColor": "#333",
            "borderRadius": 4,
            "height": 8,
            "marginBottom": 3,
            "marginLeft": 3,
            "marginRight": 3,
            "marginTop": 3,
            "width": 8,
          }
        }
      />
      <View
        key="1/.1"
        style={
          {
            "backgroundColor": "blue",
            "borderRadius": 4,
            "height": 8,
            "marginBottom": 3,
            "marginLeft": 3,
            "marginRight": 3,
            "marginTop": 3,
            "width": 8,
          }
        }
      />
    </View>
    <View
      pointerEvents="box-none"
      style={
        [
          {
            "alignItems": "center",
            "backgroundColor": "transparent",
            "flex": 1,
            "flexDirection": "row",
            "justifyContent": "space-between",
            "left": 0,
            "paddingHorizontal": 10,
            "paddingVertical": 10,
            "position": "absolute",
            "top": 0,
          },
          {
            "height": 1334,
            "width": 750,
          },
        ]
      }
    >
      <View />
      <TouchableOpacity
        accessibilityLabel="Next"
        accessibilityRole="button"
        accessible={true}
        onPress={[Function]}
        testID="PinarNextButton"
      >
        <Text
          accessibilityLabel="Next"
          accessible={true}
          style={
            {
              "color": "#333",
              "fontSize": 50,
              "padding": 20,
            }
          }
        >
          ›
        </Text>
      </TouchableOpacity>
    </View>
  </View>
</View>
`;

exports[`merging styles with defaultStyles should merge custom dotsContainerStyle with defaults 1`] = `
<View
  onLayout={[Function]}
  style={
    [
      {
        "position": "relative",
      },
      {
        "maxHeight": undefined,
        "maxWidth": undefined,
      },
      {
        "flex": 1,
      },
      undefined,
    ]
  }
>
  <View
    style={
      {
        "height": undefined,
        "width": undefined,
      }
    }
  >
    <ScrollView
      automaticallyAdjustContentInsets={false}
      bounces={false}
      horizontal={true}
      onMomentumScrollEnd={[Function]}
      onScroll={[Function]}
      onScrollBeginDrag={[Function]}
      onScrollEndDrag={[Function]}
      pagingEnabled={true}
      removeClippedSubviews={true}
      scrollEnabled={true}
      scrollEventThrottle={16}
      scrollsToTop={false}
      showsHorizontalScrollIndicator={false}
      showsVerticalScrollIndicator={false}
    >
      <View
        accessible={true}
        key="00"
        style={
          {
            "height": 1334,
            "width": 750,
          }
        }
      >
        <View
          key=".0"
        >
          <Text>
            1
          </Text>
        </View>
      </View>
      <View
        accessible={true}
        key="11"
        style={
          {
            "height": 1334,
            "width": 750,
          }
        }
      >
        <View
          key=".1"
        >
          <Text>
            2
          </Text>
        </View>
      </View>
    </ScrollView>
    <View
      style={
        {
          "alignItems": "center",
          "backgroundColor": "blue",
          "bottom": 25,
          "display": "flex",
          "flexDirection": "row",
          "justifyContent": "center",
          "left": 0,
          "position": "absolute",
          "right": 0,
        }
      }
    >
      <View
        key="0/.0"
        style={
          {
            "backgroundColor": "#333",
            "borderRadius": 4,
            "height": 8,
            "marginBottom": 3,
            "marginLeft": 3,
            "marginRight": 3,
            "marginTop": 3,
            "width": 8,
          }
        }
      />
      <View
        key="1/.1"
        style={
          {
            "backgroundColor": "rgba(0,0,0,.2)",
            "borderRadius": 4,
            "height": 8,
            "marginBottom": 3,
            "marginLeft": 3,
            "marginRight": 3,
            "marginTop": 3,
            "width": 8,
          }
        }
      />
    </View>
    <View
      pointerEvents="box-none"
      style={
        [
          {
            "alignItems": "center",
            "backgroundColor": "transparent",
            "flex": 1,
            "flexDirection": "row",
            "justifyContent": "space-between",
            "left": 0,
            "paddingHorizontal": 10,
            "paddingVertical": 10,
            "position": "absolute",
            "top": 0,
          },
          {
            "height": 1334,
            "width": 750,
          },
        ]
      }
    >
      <View />
      <TouchableOpacity
        accessibilityLabel="Next"
        accessibilityRole="button"
        accessible={true}
        onPress={[Function]}
        testID="PinarNextButton"
      >
        <Text
          accessibilityLabel="Next"
          accessible={true}
          style={
            {
              "color": "#333",
              "fontSize": 50,
              "padding": 20,
            }
          }
        >
          ›
        </Text>
      </TouchableOpacity>
    </View>
  </View>
</View>
`;

exports[`merging styles with mergeStyles prop should merge custom activeDotStyle with defaults 1`] = `
<View
  onLayout={[Function]}
  style={
    [
      {
        "position": "relative",
      },
      {
        "maxHeight": undefined,
        "maxWidth": undefined,
      },
      {
        "flex": 1,
      },
      undefined,
    ]
  }
>
  <View
    style={
      {
        "height": undefined,
        "width": undefined,
      }
    }
  >
    <ScrollView
      automaticallyAdjustContentInsets={false}
      bounces={false}
      horizontal={true}
      onMomentumScrollEnd={[Function]}
      onScroll={[Function]}
      onScrollBeginDrag={[Function]}
      onScrollEndDrag={[Function]}
      pagingEnabled={true}
      removeClippedSubviews={true}
      scrollEnabled={true}
      scrollEventThrottle={16}
      scrollsToTop={false}
      showsHorizontalScrollIndicator={false}
      showsVerticalScrollIndicator={false}
    >
      <View
        accessible={true}
        key="00"
        style={
          {
            "height": 1334,
            "width": 750,
          }
        }
      >
        <View
          key=".0"
        >
          <Text>
            1
          </Text>
        </View>
      </View>
      <View
        accessible={true}
        key="11"
        style={
          {
            "height": 1334,
            "width": 750,
          }
        }
      >
        <View
          key=".1"
        >
          <Text>
            2
          </Text>
        </View>
      </View>
    </ScrollView>
    <View
      style={
        [
          {
            "alignItems": "center",
            "bottom": 25,
            "display": "flex",
            "flexDirection": "row",
            "justifyContent": "center",
            "left": 0,
            "position": "absolute",
            "right": 0,
          },
          undefined,
        ]
      }
    >
      <View
        key="0/.0"
        style={
          [
            {
              "backgroundColor": "#333",
              "borderRadius": 4,
              "height": 8,
              "marginBottom": 3,
              "marginLeft": 3,
              "marginRight": 3,
              "marginTop": 3,
              "width": 8,
            },
            {
              "backgroundColor": "blue",
            },
          ]
        }
      />
      <View
        key="1/.1"
        style={
          [
            {
              "backgroundColor": "rgba(0,0,0,.2)",
              "borderRadius": 4,
              "height": 8,
              "marginBottom": 3,
              "marginLeft": 3,
              "marginRight": 3,
              "marginTop": 3,
              "width": 8,
            },
            undefined,
          ]
        }
      />
    </View>
    <View
      pointerEvents="box-none"
      style={
        [
          [
            {
              "alignItems": "center",
              "backgroundColor": "transparent",
              "flex": 1,
              "flexDirection": "row",
              "justifyContent": "space-between",
              "left": 0,
              "paddingHorizontal": 10,
              "paddingVertical": 10,
              "position": "absolute",
              "top": 0,
            },
            {
              "height": 1334,
              "width": 750,
            },
          ],
          undefined,
        ]
      }
    >
      <View />
      <TouchableOpacity
        accessibilityLabel="Next"
        accessibilityRole="button"
        accessible={true}
        onPress={[Function]}
        testID="PinarNextButton"
      >
        <Text
          accessibilityLabel="Next"
          accessible={true}
          style={
            [
              {
                "color": "#333",
                "fontSize": 50,
                "padding": 20,
              },
              undefined,
            ]
          }
        >
          ›
        </Text>
      </TouchableOpacity>
    </View>
  </View>
</View>
`;

exports[`merging styles with mergeStyles prop should merge custom controlsButtonStyle with defaults 1`] = `
<View
  onLayout={[Function]}
  style={
    [
      {
        "position": "relative",
      },
      {
        "maxHeight": undefined,
        "maxWidth": undefined,
      },
      {
        "flex": 1,
      },
      undefined,
    ]
  }
>
  <View
    style={
      {
        "height": undefined,
        "width": undefined,
      }
    }
  >
    <ScrollView
      automaticallyAdjustContentInsets={false}
      bounces={false}
      horizontal={true}
      onMomentumScrollEnd={[Function]}
      onScroll={[Function]}
      onScrollBeginDrag={[Function]}
      onScrollEndDrag={[Function]}
      pagingEnabled={true}
      removeClippedSubviews={true}
      scrollEnabled={true}
      scrollEventThrottle={16}
      scrollsToTop={false}
      showsHorizontalScrollIndicator={false}
      showsVerticalScrollIndicator={false}
    >
      <View
        accessible={true}
        key="00"
        style={
          {
            "height": 1334,
            "width": 750,
          }
        }
      >
        <View
          key=".0"
        >
          <Text>
            1
          </Text>
        </View>
      </View>
      <View
        accessible={true}
        key="11"
        style={
          {
            "height": 1334,
            "width": 750,
          }
        }
      >
        <View
          key=".1"
        >
          <Text>
            2
          </Text>
        </View>
      </View>
      <View
        accessible={true}
        key="22"
        style={
          {
            "height": 1334,
            "width": 750,
          }
        }
      >
        <View
          key=".2"
        >
          <Text>
            3
          </Text>
        </View>
      </View>
    </ScrollView>
    <View
      style={
        [
          {
            "alignItems": "center",
            "bottom": 25,
            "display": "flex",
            "flexDirection": "row",
            "justifyContent": "center",
            "left": 0,
            "position": "absolute",
            "right": 0,
          },
          undefined,
        ]
      }
    >
      <View
        key="0/.0"
        style={
          [
            {
              "backgroundColor": "rgba(0,0,0,.2)",
              "borderRadius": 4,
              "height": 8,
              "marginBottom": 3,
              "marginLeft": 3,
              "marginRight": 3,
              "marginTop": 3,
              "width": 8,
            },
            undefined,
          ]
        }
      />
      <View
        key="1/.1"
        style={
          [
            {
              "backgroundColor": "#333",
              "borderRadius": 4,
              "height": 8,
              "marginBottom": 3,
              "marginLeft": 3,
              "marginRight": 3,
              "marginTop": 3,
              "width": 8,
            },
            undefined,
          ]
        }
      />
      <View
        key="2/.2"
        style={
          [
            {
              "backgroundColor": "rgba(0,0,0,.2)",
              "borderRadius": 4,
              "height": 8,
              "marginBottom": 3,
              "marginLeft": 3,
              "marginRight": 3,
              "marginTop": 3,
              "width": 8,
            },
            undefined,
          ]
        }
      />
    </View>
    <View
      pointerEvents="box-none"
      style={
        [
          [
            {
              "alignItems": "center",
              "backgroundColor": "transparent",
              "flex": 1,
              "flexDirection": "row",
              "justifyContent": "space-between",
              "left": 0,
              "paddingHorizontal": 10,
              "paddingVertical": 10,
              "position": "absolute",
              "top": 0,
            },
            {
              "height": 1334,
              "width": 750,
            },
          ],
          undefined,
        ]
      }
    >
      <TouchableOpacity
        accessibilityLabel="Previous"
        accessibilityRole="button"
        accessible={true}
        onPress={[Function]}
        style={
          {
            "backgroundColor": "blue",
          }
        }
        testID="PinarPrevButton"
      >
        <Text
          accessibilityLabel="Previous"
          accessible={true}
          style={
            [
              {
                "color": "#333",
                "fontSize": 50,
                "padding": 20,
              },
              undefined,
            ]
          }
        >
          ‹
        </Text>
      </TouchableOpacity>
      <TouchableOpacity
        accessibilityLabel="Next"
        accessibilityRole="button"
        accessible={true}
        onPress={[Function]}
        style={
          {
            "backgroundColor": "blue",
          }
        }
        testID="PinarNextButton"
      >
        <Text
          accessibilityLabel="Next"
          accessible={true}
          style={
            [
              {
                "color": "#333",
                "fontSize": 50,
                "padding": 20,
              },
              undefined,
            ]
          }
        >
          ›
        </Text>
      </TouchableOpacity>
    </View>
  </View>
</View>
`;

exports[`merging styles with mergeStyles prop should merge custom controlsContainerStyle with defaults 1`] = `
<View
  onLayout={[Function]}
  style={
    [
      {
        "position": "relative",
      },
      {
        "maxHeight": undefined,
        "maxWidth": undefined,
      },
      {
        "flex": 1,
      },
      undefined,
    ]
  }
>
  <View
    style={
      {
        "height": undefined,
        "width": undefined,
      }
    }
  >
    <ScrollView
      automaticallyAdjustContentInsets={false}
      bounces={false}
      horizontal={true}
      onMomentumScrollEnd={[Function]}
      onScroll={[Function]}
      onScrollBeginDrag={[Function]}
      onScrollEndDrag={[Function]}
      pagingEnabled={true}
      removeClippedSubviews={true}
      scrollEnabled={true}
      scrollEventThrottle={16}
      scrollsToTop={false}
      showsHorizontalScrollIndicator={false}
      showsVerticalScrollIndicator={false}
    >
      <View
        accessible={true}
        key="00"
        style={
          {
            "height": 1334,
            "width": 750,
          }
        }
      >
        <View
          key=".0"
        >
          <Text>
            1
          </Text>
        </View>
      </View>
      <View
        accessible={true}
        key="11"
        style={
          {
            "height": 1334,
            "width": 750,
          }
        }
      >
        <View
          key=".1"
        >
          <Text>
            2
          </Text>
        </View>
      </View>
    </ScrollView>
    <View
      style={
        [
          {
            "alignItems": "center",
            "bottom": 25,
            "display": "flex",
            "flexDirection": "row",
            "justifyContent": "center",
            "left": 0,
            "position": "absolute",
            "right": 0,
          },
          undefined,
        ]
      }
    >
      <View
        key="0/.0"
        style={
          [
            {
              "backgroundColor": "#333",
              "borderRadius": 4,
              "height": 8,
              "marginBottom": 3,
              "marginLeft": 3,
              "marginRight": 3,
              "marginTop": 3,
              "width": 8,
            },
            undefined,
          ]
        }
      />
      <View
        key="1/.1"
        style={
          [
            {
              "backgroundColor": "rgba(0,0,0,.2)",
              "borderRadius": 4,
              "height": 8,
              "marginBottom": 3,
              "marginLeft": 3,
              "marginRight": 3,
              "marginTop": 3,
              "width": 8,
            },
            undefined,
          ]
        }
      />
    </View>
    <View
      pointerEvents="box-none"
      style={
        [
          [
            {
              "alignItems": "center",
              "backgroundColor": "transparent",
              "flex": 1,
              "flexDirection": "row",
              "justifyContent": "space-between",
              "left": 0,
              "paddingHorizontal": 10,
              "paddingVertical": 10,
              "position": "absolute",
              "top": 0,
            },
            {
              "height": 1334,
              "width": 750,
            },
          ],
          {
            "backgroundColor": "blue",
          },
        ]
      }
    >
      <View />
      <TouchableOpacity
        accessibilityLabel="Next"
        accessibilityRole="button"
        accessible={true}
        onPress={[Function]}
        testID="PinarNextButton"
      >
        <Text
          accessibilityLabel="Next"
          accessible={true}
          style={
            [
              {
                "color": "#333",
                "fontSize": 50,
                "padding": 20,
              },
              undefined,
            ]
          }
        >
          ›
        </Text>
      </TouchableOpacity>
    </View>
  </View>
</View>
`;

exports[`merging styles with mergeStyles prop should merge custom controlsTextStyle with defaults 1`] = `
<View
  onLayout={[Function]}
  style={
    [
      {
        "position": "relative",
      },
      {
        "maxHeight": undefined,
        "maxWidth": undefined,
      },
      {
        "flex": 1,
      },
      undefined,
    ]
  }
>
  <View
    style={
      {
        "height": undefined,
        "width": undefined,
      }
    }
  >
    <ScrollView
      automaticallyAdjustContentInsets={false}
      bounces={false}
      horizontal={true}
      onMomentumScrollEnd={[Function]}
      onScroll={[Function]}
      onScrollBeginDrag={[Function]}
      onScrollEndDrag={[Function]}
      pagingEnabled={true}
      removeClippedSubviews={true}
      scrollEnabled={true}
      scrollEventThrottle={16}
      scrollsToTop={false}
      showsHorizontalScrollIndicator={false}
      showsVerticalScrollIndicator={false}
    >
      <View
        accessible={true}
        key="00"
        style={
          {
            "height": 1334,
            "width": 750,
          }
        }
      >
        <View
          key=".0"
        >
          <Text>
            1
          </Text>
        </View>
      </View>
      <View
        accessible={true}
        key="11"
        style={
          {
            "height": 1334,
            "width": 750,
          }
        }
      >
        <View
          key=".1"
        >
          <Text>
            2
          </Text>
        </View>
      </View>
      <View
        accessible={true}
        key="22"
        style={
          {
            "height": 1334,
            "width": 750,
          }
        }
      >
        <View
          key=".2"
        >
          <Text>
            3
          </Text>
        </View>
      </View>
    </ScrollView>
    <View
      style={
        [
          {
            "alignItems": "center",
            "bottom": 25,
            "display": "flex",
            "flexDirection": "row",
            "justifyContent": "center",
            "left": 0,
            "position": "absolute",
            "right": 0,
          },
          undefined,
        ]
      }
    >
      <View
        key="0/.0"
        style={
          [
            {
              "backgroundColor": "rgba(0,0,0,.2)",
              "borderRadius": 4,
              "height": 8,
              "marginBottom": 3,
              "marginLeft": 3,
              "marginRight": 3,
              "marginTop": 3,
              "width": 8,
            },
            undefined,
          ]
        }
      />
      <View
        key="1/.1"
        style={
          [
            {
              "backgroundColor": "#333",
              "borderRadius": 4,
              "height": 8,
              "marginBottom": 3,
              "marginLeft": 3,
              "marginRight": 3,
              "marginTop": 3,
              "width": 8,
            },
            undefined,
          ]
        }
      />
      <View
        key="2/.2"
        style={
          [
            {
              "backgroundColor": "rgba(0,0,0,.2)",
              "borderRadius": 4,
              "height": 8,
              "marginBottom": 3,
              "marginLeft": 3,
              "marginRight": 3,
              "marginTop": 3,
              "width": 8,
            },
            undefined,
          ]
        }
      />
    </View>
    <View
      pointerEvents="box-none"
      style={
        [
          [
            {
              "alignItems": "center",
              "backgroundColor": "transparent",
              "flex": 1,
              "flexDirection": "row",
              "justifyContent": "space-between",
              "left": 0,
              "paddingHorizontal": 10,
              "paddingVertical": 10,
              "position": "absolute",
              "top": 0,
            },
            {
              "height": 1334,
              "width": 750,
            },
          ],
          undefined,
        ]
      }
    >
      <TouchableOpacity
        accessibilityLabel="Previous"
        accessibilityRole="button"
        accessible={true}
        onPress={[Function]}
        testID="PinarPrevButton"
      >
        <Text
          accessibilityLabel="Previous"
          accessible={true}
          style={
            [
              {
                "color": "#333",
                "fontSize": 50,
                "padding": 20,
              },
              {
                "color": "blue",
              },
            ]
          }
        >
          ‹
        </Text>
      </TouchableOpacity>
      <TouchableOpacity
        accessibilityLabel="Next"
        accessibilityRole="button"
        accessible={true}
        onPress={[Function]}
        testID="PinarNextButton"
      >
        <Text
          accessibilityLabel="Next"
          accessible={true}
          style={
            [
              {
                "color": "#333",
                "fontSize": 50,
                "padding": 20,
              },
              {
                "color": "blue",
              },
            ]
          }
        >
          ›
        </Text>
      </TouchableOpacity>
    </View>
  </View>
</View>
`;

exports[`merging styles with mergeStyles prop should merge custom dotStyle with defaults 1`] = `
<View
  onLayout={[Function]}
  style={
    [
      {
        "position": "relative",
      },
      {
        "maxHeight": undefined,
        "maxWidth": undefined,
      },
      {
        "flex": 1,
      },
      undefined,
    ]
  }
>
  <View
    style={
      {
        "height": undefined,
        "width": undefined,
      }
    }
  >
    <ScrollView
      automaticallyAdjustContentInsets={false}
      bounces={false}
      horizontal={true}
      onMomentumScrollEnd={[Function]}
      onScroll={[Function]}
      onScrollBeginDrag={[Function]}
      onScrollEndDrag={[Function]}
      pagingEnabled={true}
      removeClippedSubviews={true}
      scrollEnabled={true}
      scrollEventThrottle={16}
      scrollsToTop={false}
      showsHorizontalScrollIndicator={false}
      showsVerticalScrollIndicator={false}
    >
      <View
        accessible={true}
        key="00"
        style={
          {
            "height": 1334,
            "width": 750,
          }
        }
      >
        <View
          key=".0"
        >
          <Text>
            1
          </Text>
        </View>
      </View>
      <View
        accessible={true}
        key="11"
        style={
          {
            "height": 1334,
            "width": 750,
          }
        }
      >
        <View
          key=".1"
        >
          <Text>
            2
          </Text>
        </View>
      </View>
    </ScrollView>
    <View
      style={
        [
          {
            "alignItems": "center",
            "bottom": 25,
            "display": "flex",
            "flexDirection": "row",
            "justifyContent": "center",
            "left": 0,
            "position": "absolute",
            "right": 0,
          },
          undefined,
        ]
      }
    >
      <View
        key="0/.0"
        style={
          [
            {
              "backgroundColor": "#333",
              "borderRadius": 4,
              "height": 8,
              "marginBottom": 3,
              "marginLeft": 3,
              "marginRight": 3,
              "marginTop": 3,
              "width": 8,
            },
            undefined,
          ]
        }
      />
      <View
        key="1/.1"
        style={
          [
            {
              "backgroundColor": "rgba(0,0,0,.2)",
              "borderRadius": 4,
              "height": 8,
              "marginBottom": 3,
              "marginLeft": 3,
              "marginRight": 3,
              "marginTop": 3,
              "width": 8,
            },
            {
              "backgroundColor": "blue",
            },
          ]
        }
      />
    </View>
    <View
      pointerEvents="box-none"
      style={
        [
          [
            {
              "alignItems": "center",
              "backgroundColor": "transparent",
              "flex": 1,
              "flexDirection": "row",
              "justifyContent": "space-between",
              "left": 0,
              "paddingHorizontal": 10,
              "paddingVertical": 10,
              "position": "absolute",
              "top": 0,
            },
            {
              "height": 1334,
              "width": 750,
            },
          ],
          undefined,
        ]
      }
    >
      <View />
      <TouchableOpacity
        accessibilityLabel="Next"
        accessibilityRole="button"
        accessible={true}
        onPress={[Function]}
        testID="PinarNextButton"
      >
        <Text
          accessibilityLabel="Next"
          accessible={true}
          style={
            [
              {
                "color": "#333",
                "fontSize": 50,
                "padding": 20,
              },
              undefined,
            ]
          }
        >
          ›
        </Text>
      </TouchableOpacity>
    </View>
  </View>
</View>
`;

exports[`merging styles with mergeStyles prop should merge custom dotsContainerStyle with defaults 1`] = `
<View
  onLayout={[Function]}
  style={
    [
      {
        "position": "relative",
      },
      {
        "maxHeight": undefined,
        "maxWidth": undefined,
      },
      {
        "flex": 1,
      },
      undefined,
    ]
  }
>
  <View
    style={
      {
        "height": undefined,
        "width": undefined,
      }
    }
  >
    <ScrollView
      automaticallyAdjustContentInsets={false}
      bounces={false}
      horizontal={true}
      onMomentumScrollEnd={[Function]}
      onScroll={[Function]}
      onScrollBeginDrag={[Function]}
      onScrollEndDrag={[Function]}
      pagingEnabled={true}
      removeClippedSubviews={true}
      scrollEnabled={true}
      scrollEventThrottle={16}
      scrollsToTop={false}
      showsHorizontalScrollIndicator={false}
      showsVerticalScrollIndicator={false}
    >
      <View
        accessible={true}
        key="00"
        style={
          {
            "height": 1334,
            "width": 750,
          }
        }
      >
        <View
          key=".0"
        >
          <Text>
            1
          </Text>
        </View>
      </View>
      <View
        accessible={true}
        key="11"
        style={
          {
            "height": 1334,
            "width": 750,
          }
        }
      >
        <View
          key=".1"
        >
          <Text>
            2
          </Text>
        </View>
      </View>
    </ScrollView>
    <View
      style={
        [
          {
            "alignItems": "center",
            "bottom": 25,
            "display": "flex",
            "flexDirection": "row",
            "justifyContent": "center",
            "left": 0,
            "position": "absolute",
            "right": 0,
          },
          {
            "backgroundColor": "blue",
          },
        ]
      }
    >
      <View
        key="0/.0"
        style={
          [
            {
              "backgroundColor": "#333",
              "borderRadius": 4,
              "height": 8,
              "marginBottom": 3,
              "marginLeft": 3,
              "marginRight": 3,
              "marginTop": 3,
              "width": 8,
            },
            undefined,
          ]
        }
      />
      <View
        key="1/.1"
        style={
          [
            {
              "backgroundColor": "rgba(0,0,0,.2)",
              "borderRadius": 4,
              "height": 8,
              "marginBottom": 3,
              "marginLeft": 3,
              "marginRight": 3,
              "marginTop": 3,
              "width": 8,
            },
            undefined,
          ]
        }
      />
    </View>
    <View
      pointerEvents="box-none"
      style={
        [
          [
            {
              "alignItems": "center",
              "backgroundColor": "transparent",
              "flex": 1,
              "flexDirection": "row",
              "justifyContent": "space-between",
              "left": 0,
              "paddingHorizontal": 10,
              "paddingVertical": 10,
              "position": "absolute",
              "top": 0,
            },
            {
              "height": 1334,
              "width": 750,
            },
          ],
          undefined,
        ]
      }
    >
      <View />
      <TouchableOpacity
        accessibilityLabel="Next"
        accessibilityRole="button"
        accessible={true}
        onPress={[Function]}
        testID="PinarNextButton"
      >
        <Text
          accessibilityLabel="Next"
          accessible={true}
          style={
            [
              {
                "color": "#333",
                "fontSize": 50,
                "padding": 20,
              },
              undefined,
            ]
          }
        >
          ›
        </Text>
      </TouchableOpacity>
    </View>
  </View>
</View>
`;

exports[`style props should allow containerStyle prop (ScrollView) 1`] = `
<View
  onLayout={[Function]}
  style={
    [
      {
        "position": "relative",
      },
      {
        "maxHeight": undefined,
        "maxWidth": undefined,
      },
      {
        "flex": 1,
      },
      undefined,
    ]
  }
>
  <View
    style={
      {
        "height": undefined,
        "width": undefined,
      }
    }
  >
    <ScrollView
      automaticallyAdjustContentInsets={false}
      bounces={false}
      horizontal={true}
      onMomentumScrollEnd={[Function]}
      onScroll={[Function]}
      onScrollBeginDrag={[Function]}
      onScrollEndDrag={[Function]}
      pagingEnabled={true}
      removeClippedSubviews={true}
      scrollEnabled={true}
      scrollEventThrottle={16}
      scrollsToTop={false}
      showsHorizontalScrollIndicator={false}
      showsVerticalScrollIndicator={false}
      style={
        {
          "backgroundColor": "blue",
        }
      }
    >
      <View
        accessible={true}
        key="00"
        style={
          {
            "height": 1334,
            "width": 750,
          }
        }
      >
        <View
          key=".0"
        >
          <Text>
            1
          </Text>
        </View>
      </View>
      <View
        accessible={true}
        key="11"
        style={
          {
            "height": 1334,
            "width": 750,
          }
        }
      >
        <View
          key=".1"
        >
          <Text>
            2
          </Text>
        </View>
      </View>
    </ScrollView>
    <View
      style={
        {
          "alignItems": "center",
          "bottom": 25,
          "display": "flex",
          "flexDirection": "row",
          "justifyContent": "center",
          "left": 0,
          "position": "absolute",
          "right": 0,
        }
      }
    >
      <View
        key="0/.0"
        style={
          {
            "backgroundColor": "#333",
            "borderRadius": 4,
            "height": 8,
            "marginBottom": 3,
            "marginLeft": 3,
            "marginRight": 3,
            "marginTop": 3,
            "width": 8,
          }
        }
      />
      <View
        key="1/.1"
        style={
          {
            "backgroundColor": "rgba(0,0,0,.2)",
            "borderRadius": 4,
            "height": 8,
            "marginBottom": 3,
            "marginLeft": 3,
            "marginRight": 3,
            "marginTop": 3,
            "width": 8,
          }
        }
      />
    </View>
    <View
      pointerEvents="box-none"
      style={
        [
          {
            "alignItems": "center",
            "backgroundColor": "transparent",
            "flex": 1,
            "flexDirection": "row",
            "justifyContent": "space-between",
            "left": 0,
            "paddingHorizontal": 10,
            "paddingVertical": 10,
            "position": "absolute",
            "top": 0,
          },
          {
            "height": 1334,
            "width": 750,
          },
        ]
      }
    >
      <View />
      <TouchableOpacity
        accessibilityLabel="Next"
        accessibilityRole="button"
        accessible={true}
        onPress={[Function]}
        testID="PinarNextButton"
      >
        <Text
          accessibilityLabel="Next"
          accessible={true}
          style={
            {
              "color": "#333",
              "fontSize": 50,
              "padding": 20,
            }
          }
        >
          ›
        </Text>
      </TouchableOpacity>
    </View>
  </View>
</View>
`;

exports[`style props should allow contentContainerStyle prop (ScrollView) 1`] = `
<View
  onLayout={[Function]}
  style={
    [
      {
        "position": "relative",
      },
      {
        "maxHeight": undefined,
        "maxWidth": undefined,
      },
      {
        "flex": 1,
      },
      undefined,
    ]
  }
>
  <View
    style={
      {
        "height": undefined,
        "width": undefined,
      }
    }
  >
    <ScrollView
      automaticallyAdjustContentInsets={false}
      bounces={false}
      contentContainerStyle={
        {
          "backgroundColor": "blue",
        }
      }
      horizontal={true}
      onMomentumScrollEnd={[Function]}
      onScroll={[Function]}
      onScrollBeginDrag={[Function]}
      onScrollEndDrag={[Function]}
      pagingEnabled={true}
      removeClippedSubviews={true}
      scrollEnabled={true}
      scrollEventThrottle={16}
      scrollsToTop={false}
      showsHorizontalScrollIndicator={false}
      showsVerticalScrollIndicator={false}
    >
      <View
        accessible={true}
        key="00"
        style={
          {
            "height": 1334,
            "width": 750,
          }
        }
      >
        <View
          key=".0"
        >
          <Text>
            1
          </Text>
        </View>
      </View>
      <View
        accessible={true}
        key="11"
        style={
          {
            "height": 1334,
            "width": 750,
          }
        }
      >
        <View
          key=".1"
        >
          <Text>
            2
          </Text>
        </View>
      </View>
    </ScrollView>
    <View
      style={
        {
          "alignItems": "center",
          "bottom": 25,
          "display": "flex",
          "flexDirection": "row",
          "justifyContent": "center",
          "left": 0,
          "position": "absolute",
          "right": 0,
        }
      }
    >
      <View
        key="0/.0"
        style={
          {
            "backgroundColor": "#333",
            "borderRadius": 4,
            "height": 8,
            "marginBottom": 3,
            "marginLeft": 3,
            "marginRight": 3,
            "marginTop": 3,
            "width": 8,
          }
        }
      />
      <View
        key="1/.1"
        style={
          {
            "backgroundColor": "rgba(0,0,0,.2)",
            "borderRadius": 4,
            "height": 8,
            "marginBottom": 3,
            "marginLeft": 3,
            "marginRight": 3,
            "marginTop": 3,
            "width": 8,
          }
        }
      />
    </View>
    <View
      pointerEvents="box-none"
      style={
        [
          {
            "alignItems": "center",
            "backgroundColor": "transparent",
            "flex": 1,
            "flexDirection": "row",
            "justifyContent": "space-between",
            "left": 0,
            "paddingHorizontal": 10,
            "paddingVertical": 10,
            "position": "absolute",
            "top": 0,
          },
          {
            "height": 1334,
            "width": 750,
          },
        ]
      }
    >
      <View />
      <TouchableOpacity
        accessibilityLabel="Next"
        accessibilityRole="button"
        accessible={true}
        onPress={[Function]}
        testID="PinarNextButton"
      >
        <Text
          accessibilityLabel="Next"
          accessible={true}
          style={
            {
              "color": "#333",
              "fontSize": 50,
              "padding": 20,
            }
          }
        >
          ›
        </Text>
      </TouchableOpacity>
    </View>
  </View>
</View>
`;

exports[`style props should allow custom activeDotStyle 1`] = `
<View
  onLayout={[Function]}
  style={
    [
      {
        "position": "relative",
      },
      {
        "maxHeight": undefined,
        "maxWidth": undefined,
      },
      {
        "flex": 1,
      },
      undefined,
    ]
  }
>
  <View
    style={
      {
        "height": undefined,
        "width": undefined,
      }
    }
  >
    <ScrollView
      automaticallyAdjustContentInsets={false}
      bounces={false}
      horizontal={true}
      onMomentumScrollEnd={[Function]}
      onScroll={[Function]}
      onScrollBeginDrag={[Function]}
      onScrollEndDrag={[Function]}
      pagingEnabled={true}
      removeClippedSubviews={true}
      scrollEnabled={true}
      scrollEventThrottle={16}
      scrollsToTop={false}
      showsHorizontalScrollIndicator={false}
      showsVerticalScrollIndicator={false}
    >
      <View
        accessible={true}
        key="00"
        style={
          {
            "height": 1334,
            "width": 750,
          }
        }
      >
        <View
          key=".0"
        >
          <Text>
            1
          </Text>
        </View>
      </View>
      <View
        accessible={true}
        key="11"
        style={
          {
            "height": 1334,
            "width": 750,
          }
        }
      >
        <View
          key=".1"
        >
          <Text>
            2
          </Text>
        </View>
      </View>
    </ScrollView>
    <View
      style={
        {
          "alignItems": "center",
          "bottom": 25,
          "display": "flex",
          "flexDirection": "row",
          "justifyContent": "center",
          "left": 0,
          "position": "absolute",
          "right": 0,
        }
      }
    >
      <View
        key="0/.0"
        style={
          {
            "backgroundColor": "blue",
          }
        }
      />
      <View
        key="1/.1"
        style={
          {
            "backgroundColor": "rgba(0,0,0,.2)",
            "borderRadius": 4,
            "height": 8,
            "marginBottom": 3,
            "marginLeft": 3,
            "marginRight": 3,
            "marginTop": 3,
            "width": 8,
          }
        }
      />
    </View>
    <View
      pointerEvents="box-none"
      style={
        [
          {
            "alignItems": "center",
            "backgroundColor": "transparent",
            "flex": 1,
            "flexDirection": "row",
            "justifyContent": "space-between",
            "left": 0,
            "paddingHorizontal": 10,
            "paddingVertical": 10,
            "position": "absolute",
            "top": 0,
          },
          {
            "height": 1334,
            "width": 750,
          },
        ]
      }
    >
      <View />
      <TouchableOpacity
        accessibilityLabel="Next"
        accessibilityRole="button"
        accessible={true}
        onPress={[Function]}
        testID="PinarNextButton"
      >
        <Text
          accessibilityLabel="Next"
          accessible={true}
          style={
            {
              "color": "#333",
              "fontSize": 50,
              "padding": 20,
            }
          }
        >
          ›
        </Text>
      </TouchableOpacity>
    </View>
  </View>
</View>
`;

exports[`style props should allow custom controlsButtonStyle 1`] = `
<View
  onLayout={[Function]}
  style={
    [
      {
        "position": "relative",
      },
      {
        "maxHeight": undefined,
        "maxWidth": undefined,
      },
      {
        "flex": 1,
      },
      undefined,
    ]
  }
>
  <View
    style={
      {
        "height": undefined,
        "width": undefined,
      }
    }
  >
    <ScrollView
      automaticallyAdjustContentInsets={false}
      bounces={false}
      horizontal={true}
      onMomentumScrollEnd={[Function]}
      onScroll={[Function]}
      onScrollBeginDrag={[Function]}
      onScrollEndDrag={[Function]}
      pagingEnabled={true}
      removeClippedSubviews={true}
      scrollEnabled={true}
      scrollEventThrottle={16}
      scrollsToTop={false}
      showsHorizontalScrollIndicator={false}
      showsVerticalScrollIndicator={false}
    >
      <View
        accessible={true}
        key="00"
        style={
          {
            "height": 1334,
            "width": 750,
          }
        }
      >
        <View
          key=".0"
        >
          <Text>
            1
          </Text>
        </View>
      </View>
      <View
        accessible={true}
        key="11"
        style={
          {
            "height": 1334,
            "width": 750,
          }
        }
      >
        <View
          key=".1"
        >
          <Text>
            2
          </Text>
        </View>
      </View>
      <View
        accessible={true}
        key="22"
        style={
          {
            "height": 1334,
            "width": 750,
          }
        }
      >
        <View
          key=".2"
        >
          <Text>
            3
          </Text>
        </View>
      </View>
    </ScrollView>
    <View
      style={
        {
          "alignItems": "center",
          "bottom": 25,
          "display": "flex",
          "flexDirection": "row",
          "justifyContent": "center",
          "left": 0,
          "position": "absolute",
          "right": 0,
        }
      }
    >
      <View
        key="0/.0"
        style={
          {
            "backgroundColor": "rgba(0,0,0,.2)",
            "borderRadius": 4,
            "height": 8,
            "marginBottom": 3,
            "marginLeft": 3,
            "marginRight": 3,
            "marginTop": 3,
            "width": 8,
          }
        }
      />
      <View
        key="1/.1"
        style={
          {
            "backgroundColor": "#333",
            "borderRadius": 4,
            "height": 8,
            "marginBottom": 3,
            "marginLeft": 3,
            "marginRight": 3,
            "marginTop": 3,
            "width": 8,
          }
        }
      />
      <View
        key="2/.2"
        style={
          {
            "backgroundColor": "rgba(0,0,0,.2)",
            "borderRadius": 4,
            "height": 8,
            "marginBottom": 3,
            "marginLeft": 3,
            "marginRight": 3,
            "marginTop": 3,
            "width": 8,
          }
        }
      />
    </View>
    <View
      pointerEvents="box-none"
      style={
        [
          {
            "alignItems": "center",
            "backgroundColor": "transparent",
            "flex": 1,
            "flexDirection": "row",
            "justifyContent": "space-between",
            "left": 0,
            "paddingHorizontal": 10,
            "paddingVertical": 10,
            "position": "absolute",
            "top": 0,
          },
          {
            "height": 1334,
            "width": 750,
          },
        ]
      }
    >
      <TouchableOpacity
        accessibilityLabel="Previous"
        accessibilityRole="button"
        accessible={true}
        onPress={[Function]}
        style={
          {
            "backgroundColor": "blue",
          }
        }
        testID="PinarPrevButton"
      >
        <Text
          accessibilityLabel="Previous"
          accessible={true}
          style={
            {
              "color": "#333",
              "fontSize": 50,
              "padding": 20,
            }
          }
        >
          ‹
        </Text>
      </TouchableOpacity>
      <TouchableOpacity
        accessibilityLabel="Next"
        accessibilityRole="button"
        accessible={true}
        onPress={[Function]}
        style={
          {
            "backgroundColor": "blue",
          }
        }
        testID="PinarNextButton"
      >
        <Text
          accessibilityLabel="Next"
          accessible={true}
          style={
            {
              "color": "#333",
              "fontSize": 50,
              "padding": 20,
            }
          }
        >
          ›
        </Text>
      </TouchableOpacity>
    </View>
  </View>
</View>
`;

exports[`style props should allow custom controlsContainerStyle 1`] = `
<View
  onLayout={[Function]}
  style={
    [
      {
        "position": "relative",
      },
      {
        "maxHeight": undefined,
        "maxWidth": undefined,
      },
      {
        "flex": 1,
      },
      undefined,
    ]
  }
>
  <View
    style={
      {
        "height": undefined,
        "width": undefined,
      }
    }
  >
    <ScrollView
      automaticallyAdjustContentInsets={false}
      bounces={false}
      horizontal={true}
      onMomentumScrollEnd={[Function]}
      onScroll={[Function]}
      onScrollBeginDrag={[Function]}
      onScrollEndDrag={[Function]}
      pagingEnabled={true}
      removeClippedSubviews={true}
      scrollEnabled={true}
      scrollEventThrottle={16}
      scrollsToTop={false}
      showsHorizontalScrollIndicator={false}
      showsVerticalScrollIndicator={false}
    >
      <View
        accessible={true}
        key="00"
        style={
          {
            "height": 1334,
            "width": 750,
          }
        }
      >
        <View
          key=".0"
        >
          <Text>
            1
          </Text>
        </View>
      </View>
      <View
        accessible={true}
        key="11"
        style={
          {
            "height": 1334,
            "width": 750,
          }
        }
      >
        <View
          key=".1"
        >
          <Text>
            2
          </Text>
        </View>
      </View>
    </ScrollView>
    <View
      style={
        {
          "alignItems": "center",
          "bottom": 25,
          "display": "flex",
          "flexDirection": "row",
          "justifyContent": "center",
          "left": 0,
          "position": "absolute",
          "right": 0,
        }
      }
    >
      <View
        key="0/.0"
        style={
          {
            "backgroundColor": "#333",
            "borderRadius": 4,
            "height": 8,
            "marginBottom": 3,
            "marginLeft": 3,
            "marginRight": 3,
            "marginTop": 3,
            "width": 8,
          }
        }
      />
      <View
        key="1/.1"
        style={
          {
            "backgroundColor": "rgba(0,0,0,.2)",
            "borderRadius": 4,
            "height": 8,
            "marginBottom": 3,
            "marginLeft": 3,
            "marginRight": 3,
            "marginTop": 3,
            "width": 8,
          }
        }
      />
    </View>
    <View
      pointerEvents="box-none"
      style={
        {
          "backgroundColor": "blue",
        }
      }
    >
      <View />
      <TouchableOpacity
        accessibilityLabel="Next"
        accessibilityRole="button"
        accessible={true}
        onPress={[Function]}
        testID="PinarNextButton"
      >
        <Text
          accessibilityLabel="Next"
          accessible={true}
          style={
            {
              "color": "#333",
              "fontSize": 50,
              "padding": 20,
            }
          }
        >
          ›
        </Text>
      </TouchableOpacity>
    </View>
  </View>
</View>
`;

exports[`style props should allow custom controlsTextStyle 1`] = `
<View
  onLayout={[Function]}
  style={
    [
      {
        "position": "relative",
      },
      {
        "maxHeight": undefined,
        "maxWidth": undefined,
      },
      {
        "flex": 1,
      },
      undefined,
    ]
  }
>
  <View
    style={
      {
        "height": undefined,
        "width": undefined,
      }
    }
  >
    <ScrollView
      automaticallyAdjustContentInsets={false}
      bounces={false}
      horizontal={true}
      onMomentumScrollEnd={[Function]}
      onScroll={[Function]}
      onScrollBeginDrag={[Function]}
      onScrollEndDrag={[Function]}
      pagingEnabled={true}
      removeClippedSubviews={true}
      scrollEnabled={true}
      scrollEventThrottle={16}
      scrollsToTop={false}
      showsHorizontalScrollIndicator={false}
      showsVerticalScrollIndicator={false}
    >
      <View
        accessible={true}
        key="00"
        style={
          {
            "height": 1334,
            "width": 750,
          }
        }
      >
        <View
          key=".0"
        >
          <Text>
            1
          </Text>
        </View>
      </View>
      <View
        accessible={true}
        key="11"
        style={
          {
            "height": 1334,
            "width": 750,
          }
        }
      >
        <View
          key=".1"
        >
          <Text>
            2
          </Text>
        </View>
      </View>
      <View
        accessible={true}
        key="22"
        style={
          {
            "height": 1334,
            "width": 750,
          }
        }
      >
        <View
          key=".2"
        >
          <Text>
            3
          </Text>
        </View>
      </View>
    </ScrollView>
    <View
      style={
        {
          "alignItems": "center",
          "bottom": 25,
          "display": "flex",
          "flexDirection": "row",
          "justifyContent": "center",
          "left": 0,
          "position": "absolute",
          "right": 0,
        }
      }
    >
      <View
        key="0/.0"
        style={
          {
            "backgroundColor": "rgba(0,0,0,.2)",
            "borderRadius": 4,
            "height": 8,
            "marginBottom": 3,
            "marginLeft": 3,
            "marginRight": 3,
            "marginTop": 3,
            "width": 8,
          }
        }
      />
      <View
        key="1/.1"
        style={
          {
            "backgroundColor": "#333",
            "borderRadius": 4,
            "height": 8,
            "marginBottom": 3,
            "marginLeft": 3,
            "marginRight": 3,
            "marginTop": 3,
            "width": 8,
          }
        }
      />
      <View
        key="2/.2"
        style={
          {
            "backgroundColor": "rgba(0,0,0,.2)",
            "borderRadius": 4,
            "height": 8,
            "marginBottom": 3,
            "marginLeft": 3,
            "marginRight": 3,
            "marginTop": 3,
            "width": 8,
          }
        }
      />
    </View>
    <View
      pointerEvents="box-none"
      style={
        [
          {
            "alignItems": "center",
            "backgroundColor": "transparent",
            "flex": 1,
            "flexDirection": "row",
            "justifyContent": "space-between",
            "left": 0,
            "paddingHorizontal": 10,
            "paddingVertical": 10,
            "position": "absolute",
            "top": 0,
          },
          {
            "height": 1334,
            "width": 750,
          },
        ]
      }
    >
      <TouchableOpacity
        accessibilityLabel="Previous"
        accessibilityRole="button"
        accessible={true}
        onPress={[Function]}
        testID="PinarPrevButton"
      >
        <Text
          accessibilityLabel="Previous"
          accessible={true}
          style={
            {
              "color": "blue",
            }
          }
        >
          ‹
        </Text>
      </TouchableOpacity>
      <TouchableOpacity
        accessibilityLabel="Next"
        accessibilityRole="button"
        accessible={true}
        onPress={[Function]}
        testID="PinarNextButton"
      >
        <Text
          accessibilityLabel="Next"
          accessible={true}
          style={
            {
              "color": "blue",
            }
          }
        >
          ›
        </Text>
      </TouchableOpacity>
    </View>
  </View>
</View>
`;

exports[`style props should allow custom dotStyle 1`] = `
<View
  onLayout={[Function]}
  style={
    [
      {
        "position": "relative",
      },
      {
        "maxHeight": undefined,
        "maxWidth": undefined,
      },
      {
        "flex": 1,
      },
      undefined,
    ]
  }
>
  <View
    style={
      {
        "height": undefined,
        "width": undefined,
      }
    }
  >
    <ScrollView
      automaticallyAdjustContentInsets={false}
      bounces={false}
      horizontal={true}
      onMomentumScrollEnd={[Function]}
      onScroll={[Function]}
      onScrollBeginDrag={[Function]}
      onScrollEndDrag={[Function]}
      pagingEnabled={true}
      removeClippedSubviews={true}
      scrollEnabled={true}
      scrollEventThrottle={16}
      scrollsToTop={false}
      showsHorizontalScrollIndicator={false}
      showsVerticalScrollIndicator={false}
    >
      <View
        accessible={true}
        key="00"
        style={
          {
            "height": 1334,
            "width": 750,
          }
        }
      >
        <View
          key=".0"
        >
          <Text>
            1
          </Text>
        </View>
      </View>
      <View
        accessible={true}
        key="11"
        style={
          {
            "height": 1334,
            "width": 750,
          }
        }
      >
        <View
          key=".1"
        >
          <Text>
            2
          </Text>
        </View>
      </View>
    </ScrollView>
    <View
      style={
        {
          "alignItems": "center",
          "bottom": 25,
          "display": "flex",
          "flexDirection": "row",
          "justifyContent": "center",
          "left": 0,
          "position": "absolute",
          "right": 0,
        }
      }
    >
      <View
        key="0/.0"
        style={
          {
            "backgroundColor": "#333",
            "borderRadius": 4,
            "height": 8,
            "marginBottom": 3,
            "marginLeft": 3,
            "marginRight": 3,
            "marginTop": 3,
            "width": 8,
          }
        }
      />
      <View
        key="1/.1"
        style={
          {
            "backgroundColor": "blue",
          }
        }
      />
    </View>
    <View
      pointerEvents="box-none"
      style={
        [
          {
            "alignItems": "center",
            "backgroundColor": "transparent",
            "flex": 1,
            "flexDirection": "row",
            "justifyContent": "space-between",
            "left": 0,
            "paddingHorizontal": 10,
            "paddingVertical": 10,
            "position": "absolute",
            "top": 0,
          },
          {
            "height": 1334,
            "width": 750,
          },
        ]
      }
    >
      <View />
      <TouchableOpacity
        accessibilityLabel="Next"
        accessibilityRole="button"
        accessible={true}
        onPress={[Function]}
        testID="PinarNextButton"
      >
        <Text
          accessibilityLabel="Next"
          accessible={true}
          style={
            {
              "color": "#333",
              "fontSize": 50,
              "padding": 20,
            }
          }
        >
          ›
        </Text>
      </TouchableOpacity>
    </View>
  </View>
</View>
`;

exports[`style props should allow custom dotsContainerStyle 1`] = `
<View
  onLayout={[Function]}
  style={
    [
      {
        "position": "relative",
      },
      {
        "maxHeight": undefined,
        "maxWidth": undefined,
      },
      {
        "flex": 1,
      },
      undefined,
    ]
  }
>
  <View
    style={
      {
        "height": undefined,
        "width": undefined,
      }
    }
  >
    <ScrollView
      automaticallyAdjustContentInsets={false}
      bounces={false}
      horizontal={true}
      onMomentumScrollEnd={[Function]}
      onScroll={[Function]}
      onScrollBeginDrag={[Function]}
      onScrollEndDrag={[Function]}
      pagingEnabled={true}
      removeClippedSubviews={true}
      scrollEnabled={true}
      scrollEventThrottle={16}
      scrollsToTop={false}
      showsHorizontalScrollIndicator={false}
      showsVerticalScrollIndicator={false}
    >
      <View
        accessible={true}
        key="00"
        style={
          {
            "height": 1334,
            "width": 750,
          }
        }
      >
        <View
          key=".0"
        >
          <Text>
            1
          </Text>
        </View>
      </View>
      <View
        accessible={true}
        key="11"
        style={
          {
            "height": 1334,
            "width": 750,
          }
        }
      >
        <View
          key=".1"
        >
          <Text>
            2
          </Text>
        </View>
      </View>
    </ScrollView>
    <View
      style={
        {
          "backgroundColor": "blue",
        }
      }
    >
      <View
        key="0/.0"
        style={
          {
            "backgroundColor": "#333",
            "borderRadius": 4,
            "height": 8,
            "marginBottom": 3,
            "marginLeft": 3,
            "marginRight": 3,
            "marginTop": 3,
            "width": 8,
          }
        }
      />
      <View
        key="1/.1"
        style={
          {
            "backgroundColor": "rgba(0,0,0,.2)",
            "borderRadius": 4,
            "height": 8,
            "marginBottom": 3,
            "marginLeft": 3,
            "marginRight": 3,
            "marginTop": 3,
            "width": 8,
          }
        }
      />
    </View>
    <View
      pointerEvents="box-none"
      style={
        [
          {
            "alignItems": "center",
            "backgroundColor": "transparent",
            "flex": 1,
            "flexDirection": "row",
            "justifyContent": "space-between",
            "left": 0,
            "paddingHorizontal": 10,
            "paddingVertical": 10,
            "position": "absolute",
            "top": 0,
          },
          {
            "height": 1334,
            "width": 750,
          },
        ]
      }
    >
      <View />
      <TouchableOpacity
        accessibilityLabel="Next"
        accessibilityRole="button"
        accessible={true}
        onPress={[Function]}
        testID="PinarNextButton"
      >
        <Text
          accessibilityLabel="Next"
          accessible={true}
          style={
            {
              "color": "#333",
              "fontSize": 50,
              "padding": 20,
            }
          }
        >
          ›
        </Text>
      </TouchableOpacity>
    </View>
  </View>
</View>
`;

exports[`style props should allow style prop 1`] = `
<View
  onLayout={[Function]}
  style={
    [
      {
        "position": "relative",
      },
      {
        "maxHeight": undefined,
        "maxWidth": undefined,
      },
      {
        "flex": 1,
      },
      {
        "backgroundColor": "blue",
      },
    ]
  }
>
  <View
    style={
      {
        "height": undefined,
        "width": undefined,
      }
    }
  >
    <ScrollView
      automaticallyAdjustContentInsets={false}
      bounces={false}
      horizontal={true}
      onMomentumScrollEnd={[Function]}
      onScroll={[Function]}
      onScrollBeginDrag={[Function]}
      onScrollEndDrag={[Function]}
      pagingEnabled={true}
      removeClippedSubviews={true}
      scrollEnabled={true}
      scrollEventThrottle={16}
      scrollsToTop={false}
      showsHorizontalScrollIndicator={false}
      showsVerticalScrollIndicator={false}
    >
      <View
        accessible={true}
        key="00"
        style={
          {
            "height": 1334,
            "width": 750,
          }
        }
      >
        <View
          key=".0"
        >
          <Text>
            1
          </Text>
        </View>
      </View>
      <View
        accessible={true}
        key="11"
        style={
          {
            "height": 1334,
            "width": 750,
          }
        }
      >
        <View
          key=".1"
        >
          <Text>
            2
          </Text>
        </View>
      </View>
    </ScrollView>
    <View
      style={
        {
          "alignItems": "center",
          "bottom": 25,
          "display": "flex",
          "flexDirection": "row",
          "justifyContent": "center",
          "left": 0,
          "position": "absolute",
          "right": 0,
        }
      }
    >
      <View
        key="0/.0"
        style={
          {
            "backgroundColor": "#333",
            "borderRadius": 4,
            "height": 8,
            "marginBottom": 3,
            "marginLeft": 3,
            "marginRight": 3,
            "marginTop": 3,
            "width": 8,
          }
        }
      />
      <View
        key="1/.1"
        style={
          {
            "backgroundColor": "rgba(0,0,0,.2)",
            "borderRadius": 4,
            "height": 8,
            "marginBottom": 3,
            "marginLeft": 3,
            "marginRight": 3,
            "marginTop": 3,
            "width": 8,
          }
        }
      />
    </View>
    <View
      pointerEvents="box-none"
      style={
        [
          {
            "alignItems": "center",
            "backgroundColor": "transparent",
            "flex": 1,
            "flexDirection": "row",
            "justifyContent": "space-between",
            "left": 0,
            "paddingHorizontal": 10,
            "paddingVertical": 10,
            "position": "absolute",
            "top": 0,
          },
          {
            "height": 1334,
            "width": 750,
          },
        ]
      }
    >
      <View />
      <TouchableOpacity
        accessibilityLabel="Next"
        accessibilityRole="button"
        accessible={true}
        onPress={[Function]}
        testID="PinarNextButton"
      >
        <Text
          accessibilityLabel="Next"
          accessible={true}
          style={
            {
              "color": "#333",
              "fontSize": 50,
              "padding": 20,
            }
          }
        >
          ›
        </Text>
      </TouchableOpacity>
    </View>
  </View>
</View>
`;
